// Jest Snapshot v1, https://goo.gl/fbAQLP

exports[`<ArticleCard /> Snapshot should render correctly 1`] = `
<WithStyles(ForwardRef(Grid))
  item={true}
  md={4}
  sm={6}
  xs={12}
>
  <WithStyles(ForwardRef(Card))
    className="makeStyles-card-1"
  >
    <WithStyles(ForwardRef(CardMedia))
      className="makeStyles-cardMedia-2"
      image="baz"
      title="bar"
    />
    <WithStyles(ForwardRef(CardContent))
      className="makeStyles-cardContent-3"
    >
      <WithStyles(ForwardRef(Typography))
        component="h2"
        gutterBottom={true}
        variant="h5"
      >
        bar
      </WithStyles(ForwardRef(Typography))>
      <WithStyles(ForwardRef(Typography))>
        1
      </WithStyles(ForwardRef(Typography))>
    </WithStyles(ForwardRef(CardContent))>
    <WithStyles(ForwardRef(CardActions))>
      <WithStyles(ForwardRef(Button))
        color="secondary"
        onClick={[Function]}
        size="small"
        variant="outlined"
      >
        Add to Cart
      </WithStyles(ForwardRef(Button))>
      <WithStyles(ForwardRef(Button))
        color="primary"
        component={
          Object {
            "$$typeof": Symbol(react.forward_ref),
            "propTypes": Object {
              "innerRef": [Function],
              "onClick": [Function],
              "replace": [Function],
              "target": [Function],
              "to": [Function],
            },
            "render": [Function],
          }
        }
        size="small"
        to="/articles/foo"
        variant="outlined"
      >
        See more
      </WithStyles(ForwardRef(Button))>
    </WithStyles(ForwardRef(CardActions))>
  </WithStyles(ForwardRef(Card))>
</WithStyles(ForwardRef(Grid))>
`;
