// Jest Snapshot v1, https://goo.gl/fbAQLP

exports[`<ContactPage /> should render correctly 1`] = `
<div>
  <h2>
    Contact
  </h2>
  <Link
    to="/"
  >
    Return to Home
  </Link>
</div>
`;
