// Jest Snapshot v1, https://goo.gl/fbAQLP

exports[`App should render correctly 1`] = `
<div
  data-testid="app"
>
  <h2
    data-testid="app-title"
  >
    Home Page
  </h2>
  <div
    data-testid="articles-container"
  >
    <h4
      data-testid="articles-title"
    >
      Articles
    </h4>
    <ul
      data-testid="articles-list"
    />
  </div>
</div>
`;
