// Jest Snapshot v1, https://goo.gl/fbAQLP

exports[`<Cart /> Snapshot should render correctly with articles 1`] = `
<Fragment>
  <WithStyles(ForwardRef(Card))
    className="makeStyles-card-1"
  >
    <WithStyles(ForwardRef(CardContent))
      className="makeStyles-cardContent-2"
    >
      <WithStyles(ForwardRef(Typography))
        component="h2"
        gutterBottom={true}
        variant="h5"
      >
        Cart
      </WithStyles(ForwardRef(Typography))>
      <WithStyles(ForwardRef(List))
        aria-label="purchased-items-list"
      >
        <WithStyles(ForwardRef(ListItem))
          className="makeStyles-listItem-3"
          component={
            Object {
              "$$typeof": Symbol(react.forward_ref),
              "propTypes": Object {
                "innerRef": [Function],
                "onClick": [Function],
                "replace": [Function],
                "target": [Function],
                "to": [Function],
              },
              "render": [Function],
            }
          }
          key="O4GVOHgdvjkdivlRxQPlZpV"
          to="/articles/O4GVOHgdvjkdivlRxQPlZpV"
        >
          <WithStyles(ForwardRef(ListItemText))
            primary="x1 - Massive Oak Table"
          />
          <WithStyles(ForwardRef(ListItemSecondaryAction))>
            <WithStyles(ForwardRef(IconButton))
              aria-label="delete"
              edge="end"
              onClick={[Function]}
              size="small"
            >
              <ForwardRef(RemoveCircleIcon) />
            </WithStyles(ForwardRef(IconButton))>
          </WithStyles(ForwardRef(ListItemSecondaryAction))>
        </WithStyles(ForwardRef(ListItem))>
        <WithStyles(ForwardRef(ListItem))
          className="makeStyles-listItem-3"
          component={
            Object {
              "$$typeof": Symbol(react.forward_ref),
              "propTypes": Object {
                "innerRef": [Function],
                "onClick": [Function],
                "replace": [Function],
                "target": [Function],
                "to": [Function],
              },
              "render": [Function],
            }
          }
          key="O4GVOg7clwmlRxQPlZpV"
          to="/articles/O4GVOg7clwmlRxQPlZpV"
        >
          <WithStyles(ForwardRef(ListItemText))
            primary="x1 - Toyota Yaris"
          />
          <WithStyles(ForwardRef(ListItemSecondaryAction))>
            <WithStyles(ForwardRef(IconButton))
              aria-label="delete"
              edge="end"
              onClick={[Function]}
              size="small"
            >
              <ForwardRef(RemoveCircleIcon) />
            </WithStyles(ForwardRef(IconButton))>
          </WithStyles(ForwardRef(ListItemSecondaryAction))>
        </WithStyles(ForwardRef(ListItem))>
        <WithStyles(ForwardRef(ListItem))
          className="makeStyles-listItem-3"
          component={
            Object {
              "$$typeof": Symbol(react.forward_ref),
              "propTypes": Object {
                "innerRef": [Function],
                "onClick": [Function],
                "replace": [Function],
                "target": [Function],
                "to": [Function],
              },
              "render": [Function],
            }
          }
          key="O4GVOg7vddfvlRxQPlZpV"
          to="/articles/O4GVOg7vddfvlRxQPlZpV"
        >
          <WithStyles(ForwardRef(ListItemText))
            primary="x1 - Siver Ear Rings"
          />
          <WithStyles(ForwardRef(ListItemSecondaryAction))>
            <WithStyles(ForwardRef(IconButton))
              aria-label="delete"
              edge="end"
              onClick={[Function]}
              size="small"
            >
              <ForwardRef(RemoveCircleIcon) />
            </WithStyles(ForwardRef(IconButton))>
          </WithStyles(ForwardRef(ListItemSecondaryAction))>
        </WithStyles(ForwardRef(ListItem))>
        <WithStyles(ForwardRef(ListItem))
          className="makeStyles-listItem-3"
          component={
            Object {
              "$$typeof": Symbol(react.forward_ref),
              "propTypes": Object {
                "innerRef": [Function],
                "onClick": [Function],
                "replace": [Function],
                "target": [Function],
                "to": [Function],
              },
              "render": [Function],
            }
          }
          key="O4GVscjisjcjumlRxQPlZpV"
          to="/articles/O4GVscjisjcjumlRxQPlZpV"
        >
          <WithStyles(ForwardRef(ListItemText))
            primary="x1 - Vintage Leather Jacket"
          />
          <WithStyles(ForwardRef(ListItemSecondaryAction))>
            <WithStyles(ForwardRef(IconButton))
              aria-label="delete"
              edge="end"
              onClick={[Function]}
              size="small"
            >
              <ForwardRef(RemoveCircleIcon) />
            </WithStyles(ForwardRef(IconButton))>
          </WithStyles(ForwardRef(ListItemSecondaryAction))>
        </WithStyles(ForwardRef(ListItem))>
        <WithStyles(ForwardRef(ListItem))
          className="makeStyles-listItem-3"
          component={
            Object {
              "$$typeof": Symbol(react.forward_ref),
              "propTypes": Object {
                "innerRef": [Function],
                "onClick": [Function],
                "replace": [Function],
                "target": [Function],
                "to": [Function],
              },
              "render": [Function],
            }
          }
          key="YhhG5sldvidvnkkMF5g67juG"
          to="/articles/YhhG5sldvidvnkkMF5g67juG"
        >
          <WithStyles(ForwardRef(ListItemText))
            primary="x1 - Renault Megane"
          />
          <WithStyles(ForwardRef(ListItemSecondaryAction))>
            <WithStyles(ForwardRef(IconButton))
              aria-label="delete"
              edge="end"
              onClick={[Function]}
              size="small"
            >
              <ForwardRef(RemoveCircleIcon) />
            </WithStyles(ForwardRef(IconButton))>
          </WithStyles(ForwardRef(ListItemSecondaryAction))>
        </WithStyles(ForwardRef(ListItem))>
        <WithStyles(ForwardRef(ListItem))
          className="makeStyles-listItem-3"
          component={
            Object {
              "$$typeof": Symbol(react.forward_ref),
              "propTypes": Object {
                "innerRef": [Function],
                "onClick": [Function],
                "replace": [Function],
                "target": [Function],
                "to": [Function],
              },
              "render": [Function],
            }
          }
          key="ljF9FsldvkslzF5g67juG"
          to="/articles/ljF9FsldvkslzF5g67juG"
        >
          <WithStyles(ForwardRef(ListItemText))
            primary="x1 - Mercedes Class A"
          />
          <WithStyles(ForwardRef(ListItemSecondaryAction))>
            <WithStyles(ForwardRef(IconButton))
              aria-label="delete"
              edge="end"
              onClick={[Function]}
              size="small"
            >
              <ForwardRef(RemoveCircleIcon) />
            </WithStyles(ForwardRef(IconButton))>
          </WithStyles(ForwardRef(ListItemSecondaryAction))>
        </WithStyles(ForwardRef(ListItem))>
        <WithStyles(ForwardRef(ListItem))
          className="makeStyles-listItem-3"
          component={
            Object {
              "$$typeof": Symbol(react.forward_ref),
              "propTypes": Object {
                "innerRef": [Function],
                "onClick": [Function],
                "replace": [Function],
                "target": [Function],
                "to": [Function],
              },
              "render": [Function],
            }
          }
          key="ljF9dkvdknknnOJQMFTeqcBmS"
          to="/articles/ljF9dkvdknknnOJQMFTeqcBmS"
        >
          <WithStyles(ForwardRef(ListItemText))
            primary="x1 - Honda Civic"
          />
          <WithStyles(ForwardRef(ListItemSecondaryAction))>
            <WithStyles(ForwardRef(IconButton))
              aria-label="delete"
              edge="end"
              onClick={[Function]}
              size="small"
            >
              <ForwardRef(RemoveCircleIcon) />
            </WithStyles(ForwardRef(IconButton))>
          </WithStyles(ForwardRef(ListItemSecondaryAction))>
        </WithStyles(ForwardRef(ListItem))>
      </WithStyles(ForwardRef(List))>
    </WithStyles(ForwardRef(CardContent))>
    <WithStyles(ForwardRef(CardActions))>
      <WithStyles(ForwardRef(Button))
        color="secondary"
        onClick={[Function]}
        size="small"
        variant="outlined"
      >
        Check out
      </WithStyles(ForwardRef(Button))>
    </WithStyles(ForwardRef(CardActions))>
  </WithStyles(ForwardRef(Card))>
</Fragment>
`;
